{
    
  "AccessCodes":  [
        
    1,
        
    2,
        
    3,
        
    5,
        
    8,
        
    13
  
    ],
    
  "Id":  123,
    
  "Name":  "John Doe",
    
  "Dob":  "2016-06-14T00:00:00",
    
  "Category":  3

}