PS[0] = \Invoke-Two.ps1
PS[1] = \NShellit.psd1
PS[2] = \Write-Foo.ps1
PS[3] = \bin\Acklann.NShellit.dll
PS[4] = \bin\Acklann.NShellit.MSTest.dll
PS[5] = \bin\Acklann.NShellit.MSTest.pdb
PS[6] = \bin\Acklann.NShellit.pdb
PS[7] = \bin\ApprovalTests.dll
PS[8] = \bin\ApprovalTests.xml
PS[9] = \bin\ApprovalUtilities.dll
PS[10] = \bin\ApprovalUtilities.Net45.dll
PS[11] = \bin\ApprovalUtilities.Net45.xml
PS[12] = \bin\ApprovalUtilities.xml
PS[13] = \bin\Microsoft.VisualStudio.TestPlatform.MSTest.TestAdapter.dll
PS[14] = \bin\Microsoft.VisualStudio.TestPlatform.MSTestAdapter.PlatformServices.dll
PS[15] = \bin\Microsoft.VisualStudio.TestPlatform.MSTestAdapter.PlatformServices.Interface.dll
PS[16] = \bin\Microsoft.VisualStudio.TestPlatform.TestFramework.dll
PS[17] = \bin\Microsoft.VisualStudio.TestPlatform.TestFramework.Extensions.dll
PS[18] = \bin\Microsoft.VisualStudio.TestPlatform.TestFramework.Extensions.xml
PS[19] = \bin\Microsoft.VisualStudio.TestPlatform.TestFramework.xml
PS[20] = \bin\Microsoft.Win32.Primitives.dll
PS[21] = \bin\netstandard.dll
PS[22] = \bin\Newtonsoft.Json.dll
PS[23] = \bin\Newtonsoft.Json.xml
PS[24] = \bin\Shouldly.dll
PS[25] = \bin\System.AppContext.dll
PS[26] = \bin\System.Collections.Concurrent.dll
PS[27] = \bin\System.Collections.dll
PS[28] = \bin\System.Collections.NonGeneric.dll
PS[29] = \bin\System.Collections.Specialized.dll
PS[30] = \bin\System.ComponentModel.dll
PS[31] = \bin\System.ComponentModel.EventBasedAsync.dll
PS[32] = \bin\System.ComponentModel.Primitives.dll
PS[33] = \bin\System.ComponentModel.TypeConverter.dll
PS[34] = \bin\System.Console.dll
PS[35] = \bin\System.Data.Common.dll
PS[36] = \bin\System.Diagnostics.Contracts.dll
PS[37] = \bin\System.Diagnostics.Debug.dll
PS[38] = \bin\System.Diagnostics.FileVersionInfo.dll
PS[39] = \bin\System.Diagnostics.Process.dll
PS[40] = \bin\System.Diagnostics.StackTrace.dll
PS[41] = \bin\System.Diagnostics.TextWriterTraceListener.dll
PS[42] = \bin\System.Diagnostics.Tools.dll
PS[43] = \bin\System.Diagnostics.TraceSource.dll
PS[44] = \bin\System.Diagnostics.Tracing.dll
PS[45] = \bin\System.Drawing.Primitives.dll
PS[46] = \bin\System.Dynamic.Runtime.dll
PS[47] = \bin\System.Globalization.Calendars.dll
PS[48] = \bin\System.Globalization.dll
PS[49] = \bin\System.Globalization.Extensions.dll
PS[50] = \bin\System.IO.Compression.dll
PS[51] = \bin\System.IO.Compression.ZipFile.dll
PS[52] = \bin\System.IO.dll
PS[53] = \bin\System.IO.FileSystem.dll
PS[54] = \bin\System.IO.FileSystem.DriveInfo.dll
PS[55] = \bin\System.IO.FileSystem.Primitives.dll
PS[56] = \bin\System.IO.FileSystem.Watcher.dll
PS[57] = \bin\System.IO.IsolatedStorage.dll
PS[58] = \bin\System.IO.MemoryMappedFiles.dll
PS[59] = \bin\System.IO.Pipes.dll
PS[60] = \bin\System.IO.UnmanagedMemoryStream.dll
PS[61] = \bin\System.Linq.dll
PS[62] = \bin\System.Linq.Expressions.dll
PS[63] = \bin\System.Linq.Parallel.dll
PS[64] = \bin\System.Linq.Queryable.dll
PS[65] = \bin\System.Net.Http.dll
PS[66] = \bin\System.Net.NameResolution.dll
PS[67] = \bin\System.Net.NetworkInformation.dll
PS[68] = \bin\System.Net.Ping.dll
PS[69] = \bin\System.Net.Primitives.dll
PS[70] = \bin\System.Net.Requests.dll
PS[71] = \bin\System.Net.Security.dll
PS[72] = \bin\System.Net.Sockets.dll
PS[73] = \bin\System.Net.WebHeaderCollection.dll
PS[74] = \bin\System.Net.WebSockets.Client.dll
PS[75] = \bin\System.Net.WebSockets.dll
PS[76] = \bin\System.ObjectModel.dll
PS[77] = \bin\System.Reflection.dll
PS[78] = \bin\System.Reflection.Extensions.dll
PS[79] = \bin\System.Reflection.Primitives.dll
PS[80] = \bin\System.Resources.Reader.dll
PS[81] = \bin\System.Resources.ResourceManager.dll
PS[82] = \bin\System.Resources.Writer.dll
PS[83] = \bin\System.Runtime.CompilerServices.VisualC.dll
PS[84] = \bin\System.Runtime.dll
PS[85] = \bin\System.Runtime.Extensions.dll
PS[86] = \bin\System.Runtime.Handles.dll
PS[87] = \bin\System.Runtime.InteropServices.dll
PS[88] = \bin\System.Runtime.InteropServices.RuntimeInformation.dll
PS[89] = \bin\System.Runtime.Numerics.dll
PS[90] = \bin\System.Runtime.Serialization.Formatters.dll
PS[91] = \bin\System.Runtime.Serialization.Json.dll
PS[92] = \bin\System.Runtime.Serialization.Primitives.dll
PS[93] = \bin\System.Runtime.Serialization.Xml.dll
PS[94] = \bin\System.Security.Claims.dll
PS[95] = \bin\System.Security.Cryptography.Algorithms.dll
PS[96] = \bin\System.Security.Cryptography.Csp.dll
PS[97] = \bin\System.Security.Cryptography.Encoding.dll
PS[98] = \bin\System.Security.Cryptography.Primitives.dll
PS[99] = \bin\System.Security.Cryptography.X509Certificates.dll
PS[100] = \bin\System.Security.Principal.dll
PS[101] = \bin\System.Security.SecureString.dll
PS[102] = \bin\System.Text.Encoding.dll
PS[103] = \bin\System.Text.Encoding.Extensions.dll
PS[104] = \bin\System.Text.RegularExpressions.dll
PS[105] = \bin\System.Threading.dll
PS[106] = \bin\System.Threading.Overlapped.dll
PS[107] = \bin\System.Threading.Tasks.dll
PS[108] = \bin\System.Threading.Tasks.Parallel.dll
PS[109] = \bin\System.Threading.Thread.dll
PS[110] = \bin\System.Threading.ThreadPool.dll
PS[111] = \bin\System.Threading.Timer.dll
PS[112] = \bin\System.ValueTuple.dll
PS[113] = \bin\System.Xml.ReaderWriter.dll
PS[114] = \bin\System.Xml.XDocument.dll
PS[115] = \bin\System.Xml.XmlDocument.dll
PS[116] = \bin\System.Xml.XmlSerializer.dll
PS[117] = \bin\System.Xml.XPath.dll
PS[118] = \bin\System.Xml.XPath.XDocument.dll
PS[119] = \bin\Telerik.JustMock.dll
PS[120] = \bin\Telerik.JustMock.xml
PS[121] = \bin\TestData\packageMe.txt
