{
    
  "Switch":  true,
    
  "NumericValue":  101,
    
  "CharValue":  "X",
    
  "TextValue":  "some text",
    
  "DateValue":  "2005-05-05T05:05:05",
    
  "EnumValue":  4,
    
  "PrecisionValue":  0.0,
    
  "Collection":  [
        
    "x",
        
    "y",
        
    "z"
  
    ]

}